../Src/ethernetif.c:89:6:HAL_ETH_MspInit	64	static
../Src/ethernetif.c:144:6:HAL_ETH_MspDeInit	16	static
../Src/ethernetif.c:185:6:HAL_ETH_RxCpltCallback	16	static
../Src/ethernetif.c:204:13:low_level_init	64	static
../Src/ethernetif.c:316:14:low_level_output	48	static
../Src/ethernetif.c:400:22:low_level_input	56	static
../Src/ethernetif.c:489:6:ethernetif_input	24	static
../Src/ethernetif.c:548:7:ethernetif_init	16	static
../Src/ethernetif.c:595:7:sys_jiffies	8	static
../Src/ethernetif.c:606:7:sys_now	8	static
../Src/ethernetif.c:618:6:ethernetif_set_link	24	static
../Src/ethernetif.c:659:6:ethernetif_update_config	24	static
../Src/ethernetif.c:747:13:ethernetif_notify_conn_changed	16	static
